[     422ms] [WARNING] [Elastic APM] RUM agent is inactive @ https://media.foundit.in/public/v2/seeker/_next/static/chunks/9891-aaae766fad1220d0.js:0
[     675ms] [LOG] CleverTap [1780230204384]: CleverTap info: 545: Null value for key 'sub_channel_id' was removed @ https://d2r1yp2w7bby2u.cloudfront.net/js/clevertap.min.js:14
[     676ms] [LOG] CleverTap [1780230204386]: CleverTap info: 545: Null value for key 'page_name' was removed @ https://d2r1yp2w7bby2u.cloudfront.net/js/clevertap.min.js:14
[     676ms] [LOG] CleverTap [1780230204386]: CleverTap info: 545: Null value for key 'utm_campaign' was removed @ https://d2r1yp2w7bby2u.cloudfront.net/js/clevertap.min.js:14
[     676ms] [LOG] CleverTap [1780230204386]: CleverTap info: 545: Null value for key 'utm_medium' was removed @ https://d2r1yp2w7bby2u.cloudfront.net/js/clevertap.min.js:14
[     676ms] [LOG] CleverTap [1780230204386]: CleverTap info: 545: Null value for key 'utm_source' was removed @ https://d2r1yp2w7bby2u.cloudfront.net/js/clevertap.min.js:14
[     676ms] [LOG] CleverTap [1780230204386]: CleverTap info: 545: Null value for key 'utm_content' was removed @ https://d2r1yp2w7bby2u.cloudfront.net/js/clevertap.min.js:14
[     676ms] [LOG] CleverTap [1780230204386]: CleverTap info: 545: Null value for key 'utm_term' was removed @ https://d2r1yp2w7bby2u.cloudfront.net/js/clevertap.min.js:14
[    1020ms] [ERROR] [GSI_LOGGER]: FedCM get() rejects with TypeError: Failed to execute 'get' on 'CredentialsContainer': Failed to read the 'identity' property from 'CredentialRequestOptions': Failed to read the 'mode' property from 'IdentityCredentialRequestOptions': The provided value 'widget' is not a valid enum value of type IdentityCredentialRequestOptionsMode. @ https://media.foundit.in/public/v2/seeker/_next/static/chunks/1528-c8cb887843e83300.js:0
[    1021ms] [WARNING] [GSI_LOGGER]: google.accounts.id.initialize() is called multiple times. This could cause unexpected behavior and only the last initialized instance will be used. @ https://accounts.google.com/gsi/client:84
[    1022ms] [ERROR] [GSI_LOGGER]: FedCM get() rejects with TypeError: Failed to execute 'get' on 'CredentialsContainer': Failed to read the 'identity' property from 'CredentialRequestOptions': Failed to read the 'mode' property from 'IdentityCredentialRequestOptions': The provided value 'widget' is not a valid enum value of type IdentityCredentialRequestOptionsMode. @ https://media.foundit.in/public/v2/seeker/_next/static/chunks/1528-c8cb887843e83300.js:0
[   14866ms] [WARNING] [Elastic APM] RUM agent is inactive @ https://media.foundit.in/public/v2/seeker/_next/static/chunks/9891-aaae766fad1220d0.js:0
[   15133ms] [LOG] CleverTap [1780230218842]: CleverTap info: 545: Null value for key 'utm_campaign' was removed @ https://d2r1yp2w7bby2u.cloudfront.net/js/clevertap.min.js:14
[   15133ms] [LOG] CleverTap [1780230218843]: CleverTap info: 545: Null value for key 'utm_medium' was removed @ https://d2r1yp2w7bby2u.cloudfront.net/js/clevertap.min.js:14
[   15133ms] [LOG] CleverTap [1780230218843]: CleverTap info: 545: Null value for key 'utm_source' was removed @ https://d2r1yp2w7bby2u.cloudfront.net/js/clevertap.min.js:14
[   15133ms] [LOG] CleverTap [1780230218843]: CleverTap info: 545: Null value for key 'utm_content' was removed @ https://d2r1yp2w7bby2u.cloudfront.net/js/clevertap.min.js:14
[   15133ms] [LOG] CleverTap [1780230218843]: CleverTap info: 545: Null value for key 'utm_term' was removed @ https://d2r1yp2w7bby2u.cloudfront.net/js/clevertap.min.js:14
[   15180ms] [WARNING] [GPT] Slot.setTargeting is deprecated, use Slot.setConfig({targeting: ...}) instead.
https://goo.gle/gpt-message#171 @ https://securepubads.g.doubleclick.net/pagead/managed/js/gpt/m202605130101/pubads_impl.js?cb=31098807:18
[   15181ms] [WARNING] [GPT] PubAdsService.enableLazyLoad is deprecated, use googletag.setConfig({lazyLoad: ...}) instead.
https://goo.gle/gpt-message#170 @ https://securepubads.g.doubleclick.net/pagead/managed/js/gpt/m202605130101/pubads_impl.js?cb=31098807:18
[   16530ms] [WARNING] [Meta Pixel] - Duplicate Pixel ID: 2157590861042676. @ https://connect.facebook.net/en_US/fbevents.js:181
[   16532ms] [WARNING] [Meta Pixel] - You are sending a non-standard event 'Login'. The preferred way to send these events is using trackCustom. See 'https://developers.facebook.com/docs/ads-for-websites/pixel-events/#events' for more information. @ https://connect.facebook.net/en_US/fbevents.js:181
